MPLINK 4.49, Linker
Linker Map File - Created Wed Nov 11 14:15:53 2020

                                 Section Info
                  Section       Type    Address   Location Size(Bytes)
                ---------  ---------  ---------  ---------  ---------
                   .org_0       code   0x000000    program   0x000000
                   .org_1       code   0x000000    program   0x000004
                   .org_2       code   0x000008    program   0x000002
                   .org_3       code   0x000018    program   0x000026



                              Program Memory Usage 
                               Start         End      
                           ---------   ---------      
                            0x000000    0x000003      
                            0x000008    0x000009      
                            0x000018    0x00003d      
            44 out of 33048 program addresses used, program memory utilization is 0%



                              Symbols - Sorted by Name
                     Name    Address   Location    Storage File                     
                ---------  ---------  ---------  --------- ---------                
                    check   0x00002e    program     static H:\Introduction to Microcontroller\QUIZ\quiz 7\Q7Q2.asm
                   check1   0x000036    program     static H:\Introduction to Microcontroller\QUIZ\quiz 7\Q7Q2.asm
                configure   0x00001a    program     static H:\Introduction to Microcontroller\QUIZ\quiz 7\Q7Q2.asm
                   on_led   0x000022    program     static H:\Introduction to Microcontroller\QUIZ\quiz 7\Q7Q2.asm
                  on_led1   0x000026    program     static H:\Introduction to Microcontroller\QUIZ\quiz 7\Q7Q2.asm
                    start   0x00002a    program     static H:\Introduction to Microcontroller\QUIZ\quiz 7\Q7Q2.asm



                              Symbols - Sorted by Address
                     Name    Address   Location    Storage File                     
                ---------  ---------  ---------  --------- ---------                
                configure   0x00001a    program     static H:\Introduction to Microcontroller\QUIZ\quiz 7\Q7Q2.asm
                   on_led   0x000022    program     static H:\Introduction to Microcontroller\QUIZ\quiz 7\Q7Q2.asm
                  on_led1   0x000026    program     static H:\Introduction to Microcontroller\QUIZ\quiz 7\Q7Q2.asm
                    start   0x00002a    program     static H:\Introduction to Microcontroller\QUIZ\quiz 7\Q7Q2.asm
                    check   0x00002e    program     static H:\Introduction to Microcontroller\QUIZ\quiz 7\Q7Q2.asm
                   check1   0x000036    program     static H:\Introduction to Microcontroller\QUIZ\quiz 7\Q7Q2.asm


